finished pair 1/12
finished pair 2/12
finished pair 3/12
finished pair 4/12
finished pair 5/12
finished pair 6/12
finished pair 7/12
finished pair 8/12
finished pair 9/12
finished pair 10/12
finished pair 11/12
finished pair 12/12
{
  "st": {
    "point": 1.0034539287388529,
    "ci95": [
      0.9867490065655442,
      1.0217709806218613
    ],
    "cells": {
      "google-t5--t5-small": {
        "ratios": [
          0.9796741362271693,
          1.0402860010897048,
          0.9899600396872034,
          1.0175640737609242,
          0.9988697537161252,
          0.9898552783779209,
          0.9685731478124906,
          0.9696322849688778,
          0.998351114501236,
          0.9883826167268999,
          0.9486946836498253,
          0.9978302725077689
        ],
        "median": 0.9899076576467091,
        "first_load_median": 0.9690988855011109
      },
      "google--umt5-small": {
        "ratios": [
          1.0465977499988834,
          1.06230908440184,
          1.0290993321541173,
          1.045468719715372,
          0.9995675068745006,
          0.9984399210900315,
          0.9473790564959874,
          0.9896519742180554,
          1.0537877245571883,
          1.0224001405061307,
          1.0119975997281838,
          0.9476933386099158
        ],
        "median": 1.0171855721322252,
        "first_load_median": 1.0044610701689098
      }
    }
  },
  "cached": {
    "point": 1.0021411877870123,
    "ci95": [
      0.9798189806054383,
      1.0141574352281024
    ],
    "cells": {
      "google-t5--t5-small": {
        "ratios": [
          0.9857469341565487,
          1.0114274468763367,
          0.950237335478516,
          1.0340406292985842,
          0.9784078491183107,
          1.0177646040489845,
          0.9653352513648208,
          0.9495778744478496,
          0.9978717250876601,
          0.9894598271678551,
          1.0358409098775851,
          0.9361957676465031
        ],
        "median": 0.9876016358338932,
        "first_load_median": 1.0056049260820583
      },
      "google--umt5-small": {
        "ratios": [
          1.010672288101564,
          1.0195692250808295,
          0.9713146165213837,
          1.0142273746494619,
          1.0222550665062788,
          0.9550090687618857,
          1.0596702912379101,
          0.9871627247175463,
          1.0296262914292877,
          1.0233594256864995,
          0.9785620189216614,
          1.03996400530683
        ],
        "median": 1.0168947922116212,
        "first_load_median": 0.9983635720296151
      }
    }
  },
  "json": {
    "point": 0.9950315545363484,
    "ci95": [
      0.9816364715952524,
      0.999817943942964
    ],
    "cells": {
      "google-t5--t5-small": {
        "ratios": [
          0.9788583946077887,
          0.9843753661476715,
          0.9962410444595577,
          1.0034052535334697,
          0.9902724604499328,
          1.0113463359767876,
          0.9922706732272252,
          1.0004093017601368,
          1.039411559540729,
          0.9528567116884205,
          0.9641384272883472,
          0.9441531065506182
        ],
        "median": 0.9912710633368834,
        "first_load_median": 0.9975113842304975
      },
      "google--umt5-small": {
        "ratios": [
          0.9995856506819587,
          0.9042670172427281,
          0.99685297330726,
          0.9992264985771978,
          1.1369004387756858,
          0.9986159703183771,
          1.001367765016941,
          0.9789051976554848,
          0.9933046052522055,
          1.0022568800568457,
          0.998996689072241,
          0.9485558997452644
        ],
        "median": 0.9988063115553095,
        "first_load_median": 0.9917958662186553
      }
    }
  }
}
