finished pair 1/12
finished pair 2/12
finished pair 3/12
finished pair 4/12
finished pair 5/12
finished pair 6/12
finished pair 7/12
finished pair 8/12
finished pair 9/12
finished pair 10/12
finished pair 11/12
finished pair 12/12
{
  "st": {
    "point": 1.020888957216074,
    "ci95": [
      1.017974631991643,
      1.0310178863460424
    ],
    "cells": {
      "google-t5--t5-small": {
        "ratios": [
          1.021992078924367,
          1.0154162098651964,
          1.039108385209437,
          1.0204567463848018,
          1.0037362086161523,
          1.0082170012985445,
          1.030603603809124,
          1.042016780429026,
          1.023603622521784,
          1.0302217811721783,
          1.0220253105640522,
          1.021159951547951
        ],
        "median": 1.0220086946091396,
        "first_load_median": 1.0139221449996874
      },
      "google--umt5-small": {
        "ratios": [
          1.0066726152420733,
          1.019144995380709,
          1.0005851211679855,
          1.0254438205946574,
          1.0161878070133896,
          1.0392074648491454,
          1.04724290765065,
          1.0184439963077925,
          1.0203962817285792,
          1.0480076685505542,
          1.0326904523308178,
          1.0156620799581684
        ],
        "median": 1.0197704466343225,
        "first_load_median": 1.0351852244487572
      }
    }
  },
  "cached": {
    "point": 1.037194389891299,
    "ci95": [
      1.0254129385627493,
      1.046284617006917
    ],
    "cells": {
      "google-t5--t5-small": {
        "ratios": [
          1.0639496998913445,
          1.1136091244004562,
          1.0495863977215598,
          1.0290134956255186,
          1.0633055878742355,
          1.0491110169348916,
          1.0334139275008634,
          1.0084205042696108,
          1.0195333394045707,
          1.0480220522886752,
          0.9846156645163704,
          1.016586081434116
        ],
        "median": 1.0406923585590293,
        "first_load_median": 1.0265437595912275
      },
      "google--umt5-small": {
        "ratios": [
          1.036242822245479,
          1.004057122049697,
          1.029332692333086,
          1.0513964726178402,
          1.0398047661233134,
          1.040780481242043,
          1.022548707237169,
          1.0316243319715004,
          1.047452723344662,
          1.025480694140637,
          1.0310286442112342,
          1.035796234476946
        ],
        "median": 1.0337081785740476,
        "first_load_median": 1.022412195942867
      }
    }
  },
  "json": {
    "point": 1.0279172503578928,
    "ci95": [
      1.0217613831303791,
      1.035980518130157
    ],
    "cells": {
      "google-t5--t5-small": {
        "ratios": [
          1.0293014034507741,
          1.022840089813994,
          1.0427119669005906,
          0.9731711768243784,
          1.0173679293702536,
          1.0236768997797694,
          1.0396168941946822,
          1.0123572698814691,
          1.013819409223893,
          1.0321929251218416,
          1.0047511291455635,
          1.0169150292942695
        ],
        "median": 1.0201003402856736,
        "first_load_median": 1.0457999698147353
      },
      "google--umt5-small": {
        "ratios": [
          1.0430924252334957,
          1.0189234133904264,
          1.0270375872841409,
          1.0273636212431447,
          1.042601497503395,
          1.0257118839652166,
          1.0132634613741178,
          1.042876163256666,
          1.0559092025628625,
          1.0428044592554302,
          1.0597105684359243,
          1.0290310711609447
        ],
        "median": 1.0357940605013738,
        "first_load_median": 1.0168359651892094
      }
    }
  }
}
