   Compiling proc-macro2 v1.0.107
   Compiling quote v1.0.47
   Compiling unicode-ident v1.0.26
   Compiling serde_core v1.0.229
   Compiling stable_deref_trait v1.2.1
   Compiling shlex v2.0.1
   Compiling find-msvc-tools v0.1.12
   Compiling memchr v2.8.3
   Compiling crossbeam-utils v0.8.23
   Compiling cfg-if v1.0.5
   Compiling libc v0.2.189
   Compiling cc v1.4.6
   Compiling crossbeam-epoch v0.9.21
   Compiling serde v1.0.229
   Compiling getrandom v0.3.4
   Compiling ident_case v1.0.1
   Compiling crossbeam-deque v0.8.8
   Compiling fnv v1.0.7
   Compiling zerocopy v0.8.57
   Compiling strsim v0.11.1
   Compiling rayon-core v1.13.0
   Compiling syn v3.0.6
   Compiling syn v2.0.119
   Compiling aho-corasick v1.1.5
   Compiling pkg-config v0.3.34
   Compiling regex-syntax v0.8.11
   Compiling zmij v1.0.23
   Compiling writeable v0.6.4
   Compiling litemap v0.8.3
   Compiling either v1.18.0
   Compiling rustversion v1.0.23
   Compiling onig_sys v69.9.3
   Compiling serde_json v1.0.151
   Compiling icu_normalizer_data v2.3.0
   Compiling thiserror v2.0.20
   Compiling utf8_iter v1.0.4
   Compiling minimal-lexical v0.2.1
   Compiling itoa v1.0.18
   Compiling synstructure v0.14.0
   Compiling icu_properties_data v2.3.0
   Compiling version_check v0.9.5
   Compiling smallvec v1.16.1
   Compiling regex-automata v0.4.18
   Compiling ahash v0.8.12
   Compiling nom v7.1.3
   Compiling zerofrom-derive v0.1.8
   Compiling yoke-derive v0.8.3
   Compiling zerofrom v0.1.8
   Compiling zerovec-derive v0.11.6
   Compiling displaydoc v0.2.7
   Compiling yoke v0.8.3
   Compiling serde_derive v1.0.229
   Compiling darling_core v0.20.11
   Compiling zerotrie v0.2.5
   Compiling zerovec v0.11.8
   Compiling ppv-lite86 v0.2.21
   Compiling thiserror-impl v2.0.20
   Compiling rayon v1.12.0
   Compiling tinystr v0.8.4
   Compiling icu_locale_core v2.3.0
   Compiling potential_utf v0.1.6
   Compiling icu_collections v2.3.0
   Compiling darling_macro v0.20.11
   Compiling icu_provider v2.3.1
   Compiling darling v0.20.11
   Compiling derive_builder_core v0.20.2
   Compiling blake3 v1.8.7
   Compiling rand_core v0.9.5
   Compiling bit-vec v0.8.0
   Compiling base64 v0.13.1
   Compiling virtue v0.0.18
   Compiling once_cell v1.21.4
   Compiling paste v1.0.15
   Compiling unicode-segmentation v1.13.3
   Compiling esaxx-rs v0.1.10
   Compiling bit-set v0.8.0
   Compiling castaway v0.2.4
   Compiling bincode_derive v2.0.1
   Compiling rand_chacha v0.9.0
   Compiling spm_precompiled v0.1.4
   Compiling derive_builder_macro v0.20.2
   Compiling dary_heap v0.3.9
   Compiling monostate-impl v0.1.18
   Compiling itertools v0.14.0
   Compiling constant_time_eq v0.4.2
   Compiling bitflags v2.13.2
   Compiling arrayvec v0.7.8
   Compiling unty v0.0.4
   Compiling macro_rules_attribute-proc_macro v0.2.3
   Compiling ryu v1.0.23
   Compiling static_assertions v1.1.0
   Compiling pastey v0.2.3
   Compiling cpufeatures v0.3.1
   Compiling compact_str v0.9.1
   Compiling macro_rules_attribute v0.2.3
   Compiling bincode v2.0.1
   Compiling monostate v0.1.18
   Compiling icu_properties v2.3.0
   Compiling rayon-cond v0.4.0
   Compiling icu_normalizer v2.3.0
   Compiling derive_builder v0.20.2
   Compiling rand v0.9.5
   Compiling fancy-regex v0.17.0
   Compiling regex v1.13.1
   Compiling unicode-normalization-alignments v0.1.12
   Compiling unicode_categories v0.1.1
   Compiling base64 v0.22.1
   Compiling log v0.4.34
   Compiling daachorse v1.0.1
   Compiling snaptokens v0.2.7 (/home/naman_chetwani_gmail_com/st-campaign-20260917/unigram-portable-source)
   Compiling onig v6.5.3
   Compiling tokenizers v0.22.2
   Compiling unigram-st-eval v0.0.0 (/home/naman_chetwani_gmail_com/st-campaign-20260917/unigram-portable-source/autoresearch/unigram-st-eval)
    Finished `release` profile [optimized + debuginfo] target(s) in 31.54s
