47454106
42952113
37320683
23891650
21747545
21620288
21277626
20865990
20946402
21038260
21027085
20769593
20871435
20617892
20968905
20654795
21014381
20630295
20551117
20724708
20844211
20637107
20899856
20995508
21220474
20579501
20566760
20681977
20739586
20984360
21170706
20958377
20792660
20661436
21222762
21103356
20941502
20753419
20485508
20592730
20543973
20718707
20677363
20716891
20625446
20545520
21032730
21152166
20790054
20571390
20438895
20405645
20416796
20334348
20427464
20375970
20359018
20410720
20480753
21005600
20939087
21259117
21219651
20818462
21276042
20980987
20494166
20468384
20957018
20695131
20815809
21005044
20638751
20621288
20575255
20565355
20828806
20704263
20542612
20923291
20631192
20874585
21357074
21378001
20534237
20631789
20684506
20671812
20636735
20568178
20751001
20760449
20672998
20658341
20756499
21042313
20954857
21163044
20701258
20684560
[ perf record: Woken up 70 times to write data ]
[ perf record: Captured and wrote 17.288 MB /home/namanchetwani/st-campaign-20260917/evidence/e11-loss-diagnostic/candidate.data (2148 samples) ]
