46629886
39993855
35401224
22868124
20817248
21232549
20977838
22561012
35761863
21562284
21119258
20700176
20650029
20671813
20568748
20550751
20701161
21247452
20359589
20432419
20971955
21428833
20506531
20567638
20463439
20439893
20527796
20493662
20365656
20314791
20331012
20409021
20375968
20230549
20280532
20610922
20402459
20394957
20306762
20300967
20225779
20539866
20338434
20180757
20242064
20152945
20239633
20270181
20269208
20418329
20189863
20181822
20281250
20283227
20340241
20448215
20213550
20227884
20244616
20319622
20272323
20494114
20167452
20292137
20523977
20245405
20229336
20238510
20237183
20220364
20288446
20209208
20213206
20380807
20688751
20472618
20607693
20856542
20441041
20340364
20276501
20254384
20227510
20304961
20332124
20320266
20312399
20230231
20222571
20311990
20311335
20331287
20530811
20383330
20330330
20266300
20273689
20364592
20587023
20315175
[ perf record: Woken up 69 times to write data ]
[ perf record: Captured and wrote 17.130 MB /home/namanchetwani/st-campaign-20260917/evidence/e11-loss-diagnostic/parent.data (2128 samples) ]
