Preparing a sysroot for Miri (target: x86_64-unknown-linux-gnu)... done
warning: explicit `package.readme` can be inferred
  --> Cargo.toml:15:1
   |
15 | readme = "README.md"
   | ^^^^^^^^^^^^^^^^^^^^
   |
   = note: `cargo::manual_readme` is set to `warn` by default
help: consider removing `package.readme`
warning: `package.homepage` is redundant with `package.repository`
  --> Cargo.toml:17:12
   |
16 | repository = "https://github.com/coder-2011/snaptokens"
   |              ------------------------------------------
17 | homepage = "https://github.com/coder-2011/snaptokens"
   |            ^^^^^^^^^^^^^^^^^^^^^^^^^^^^^^^^^^^^^^^^^^
   |
   = note: `cargo::redundant_homepage` is set to `warn` by default
help: consider removing `package.homepage`
warning: `snaptokens` (manifest) generated 2 warnings
   Compiling proc-macro2 v1.0.106
   Compiling quote v1.0.44
   Compiling unicode-ident v1.0.23
   Compiling libc v0.2.182
   Compiling shlex v1.3.0
   Compiling find-msvc-tools v0.1.9
   Compiling cfg-if v1.0.4
   Compiling stable_deref_trait v1.2.1
   Compiling serde_core v1.0.228
   Compiling cc v1.2.56
   Compiling syn v2.0.115
   Compiling memchr v2.8.0
   Compiling litemap v0.8.1
   Compiling writeable v0.6.2
   Compiling serde v1.0.228
   Compiling icu_normalizer_data v2.1.1
   Compiling smallvec v1.15.1
   Compiling icu_properties_data v2.1.2
   Compiling zerocopy v0.8.39
   Compiling crossbeam-utils v0.8.21
   Compiling getrandom v0.3.4
   Compiling once_cell v1.21.3
   Compiling ring v0.17.14
   Compiling fnv v1.0.7
   Compiling ident_case v1.0.1
   Compiling strsim v0.11.1
   Compiling zeroize v1.8.2
   Compiling rustls-pki-types v1.14.0
   Compiling itoa v1.0.17
   Compiling zmij v1.0.21
   Compiling crossbeam-epoch v0.9.18
   Compiling getrandom v0.2.17
   Compiling pkg-config v0.3.32
   Compiling synstructure v0.13.2
   Compiling darling_core v0.20.11
   Compiling rayon-core v1.13.0
   Compiling rustversion v1.0.22
   Compiling serde_json v1.0.149
   Compiling untrusted v0.9.0
   Compiling crc32fast v1.5.0
   Compiling zerofrom-derive v0.1.6
   Compiling yoke-derive v0.8.1
   Compiling zerovec-derive v0.11.2
   Compiling displaydoc v0.2.5
   Compiling zerofrom v0.1.6
   Compiling serde_derive v1.0.228
   Compiling darling_macro v0.20.11
   Compiling yoke v0.8.1
   Compiling zerovec v0.11.5
   Compiling darling v0.20.11
   Compiling zerotrie v0.2.3
   Compiling ppv-lite86 v0.2.21
   Compiling onig_sys v69.9.1
   Compiling crossbeam-deque v0.8.6
   Compiling rand_core v0.9.5
   Compiling tinystr v0.8.2
   Compiling potential_utf v0.1.4
   Compiling icu_locale_core v2.1.1
   Compiling icu_collections v2.1.1
   Compiling aho-corasick v1.1.4
   Compiling thiserror v2.0.18
   Compiling percent-encoding v2.3.2
   Compiling utf8_iter v1.0.4
   Compiling log v0.4.29
   Compiling icu_provider v2.1.1
   Compiling either v1.15.0
   Compiling regex-syntax v0.8.9
   Compiling icu_normalizer v2.1.1
   Compiling icu_properties v2.1.2
   Compiling adler2 v2.0.1
   Compiling paste v1.0.15
   Compiling portable-atomic v1.13.1
   Compiling simd-adler32 v0.3.8
   Compiling idna_adapter v1.2.1
   Compiling rustls v0.23.36
   Compiling version_check v0.9.5
   Compiling miniz_oxide v0.8.9
   Compiling ahash v0.8.12
   Compiling idna v1.1.0
   Compiling form_urlencoded v1.2.2
   Compiling regex-automata v0.4.14
   Compiling rand_chacha v0.9.0
   Compiling derive_builder_core v0.20.2
   Compiling rustls-webpki v0.103.9
   Compiling thiserror-impl v2.0.18
   Compiling webpki-roots v1.0.6
   Compiling unicode-width v0.2.2
   Compiling subtle v2.6.1
   Compiling minimal-lexical v0.2.1
   Compiling byteorder v1.5.0
   Compiling esaxx-rs v0.1.10
   Compiling option-ext v0.2.0
   Compiling dirs-sys v0.5.0
   Compiling socks v0.3.4
   Compiling nom v7.1.3
   Compiling console v0.15.11
   Compiling webpki-roots v0.26.11
   Compiling flate2 v1.1.9
   Compiling derive_builder_macro v0.20.2
   Compiling castaway v0.2.4
   Compiling rayon v1.11.0
   Compiling rand v0.9.2
   Compiling url v2.5.8
   Compiling itertools v0.14.0
   Compiling monostate-impl v0.1.18
   Compiling blake3 v1.8.5
   Compiling bytes v1.11.1
   Compiling static_assertions v1.1.0
   Compiling number_prefix v0.4.0
   Compiling macro_rules_attribute-proc_macro v0.2.2
   Compiling ryu v1.0.23
   Compiling base64 v0.13.1
   Compiling bitflags v2.11.0
   Compiling bit-vec v0.8.0
   Compiling unicode-segmentation v1.12.0
   Compiling base64 v0.22.1
   Compiling anyhow v1.0.101
   Compiling virtue v0.0.18
   Compiling ureq v2.12.1
   Compiling spm_precompiled v0.1.4
   Compiling rayon-cond v0.4.0
   Compiling bit-set v0.8.0
   Compiling onig v6.5.1
   Compiling macro_rules_attribute v0.2.2
   Compiling compact_str v0.9.0
   Compiling bincode_derive v2.0.1
   Compiling http v1.4.0
   Compiling indicatif v0.17.11
   Compiling monostate v0.1.18
   Compiling derive_builder v0.20.2
   Compiling dirs v6.0.0
   Compiling regex v1.12.3
   Compiling dary_heap v0.3.8
   Compiling unicode-normalization-alignments v0.1.12
   Compiling arrayref v0.3.9
   Compiling constant_time_eq v0.4.2
   Compiling unicode_categories v0.1.1
   Compiling unty v0.0.4
   Compiling arrayvec v0.7.8
   Compiling cpufeatures v0.3.0
   Compiling bincode v2.0.1
   Compiling hf-hub v0.4.3
   Compiling tokenizers v0.22.2
   Compiling fancy-regex v0.17.0
   Compiling daachorse v1.0.0
   Compiling snaptokens v0.2.7 (/home/namanchetwani/st-campaign-20260917/e14-source)
    Finished `test` profile [unoptimized + debuginfo] target(s) in 18.40s
     Running unittests src/lib.rs (/home/namanchetwani/st-campaign-20260917/target/miri/x86_64-unknown-linux-gnu/debug/build/snaptokens/7812c6d8b62aa210/out/snaptokens-7812c6d8b62aa210)

running 1 test
test models::bpe::tests::arena_span_getters_preserve_utf8 ... ok

test result: ok. 1 passed; 0 failed; 0 ignored; 0 measured; 129 filtered out; finished in 1.09s

