finished pair 1/12
finished pair 2/12
finished pair 3/12
finished pair 4/12
finished pair 5/12
finished pair 6/12
finished pair 7/12
finished pair 8/12
finished pair 9/12
finished pair 10/12
finished pair 11/12
finished pair 12/12
{
  "st": {
    "point": 1.03262224461769,
    "ci95": [
      1.0171811541349933,
      1.0531852423095698
    ],
    "cells": {
      "google-t5--t5-small": {
        "ratios": [
          1.0462484405722474,
          1.0230681884337613,
          1.0587316842727816,
          1.0261743901165503,
          1.0353384761452646,
          1.034852219539099,
          1.0318609789847861,
          1.0339062142842081,
          1.0268613354475276,
          1.0261480455278527,
          1.0323797340369847,
          1.0264570799020993
        ],
        "median": 1.032120323919385,
        "first_load_median": 1.0541256144489233
      },
      "google--umt5-small": {
        "ratios": [
          0.9673044337957745,
          1.072813762694548,
          0.9689414982988979,
          1.0663598618631294,
          1.0766401496859344,
          0.9835526719383912,
          1.0749501892299207,
          1.1343504456431113,
          1.020429956997636,
          1.0287105164057084,
          1.0172697188507835,
          1.0375572411061114
        ],
        "median": 1.0331244094003151,
        "first_load_median": 1.0411495053090696
      }
    }
  },
  "cached": {
    "point": 1.0397889825277948,
    "ci95": [
      1.029702819997084,
      1.0487538623379158
    ],
    "cells": {
      "google-t5--t5-small": {
        "ratios": [
          1.0233479490146837,
          1.0473909166245579,
          1.0414520553186088,
          1.0303104298331769,
          1.035448471237105,
          1.0195451550073347,
          1.0567984191908937,
          1.0358948427721968,
          1.0327363711986424,
          1.039957155307936,
          1.0271436626938357,
          1.0307140536766157
        ],
        "median": 1.0340915320940356,
        "first_load_median": 1.029575130031657
      },
      "google--umt5-small": {
        "ratios": [
          1.0290955684896093,
          0.9521277638206986,
          1.057789327359696,
          1.0461911863296323,
          1.0666897690892054,
          0.9324440306844685,
          1.028501327881278,
          1.0854431068953914,
          1.0448448945546944,
          1.0359500153233485,
          1.1037758289117654,
          1.0542982442348003
        ],
        "median": 1.0455178237431608,
        "first_load_median": 1.0234471176632165
      }
    }
  },
  "json": {
    "point": 1.029320281365452,
    "ci95": [
      1.0198209867534722,
      1.0415643021618308
    ],
    "cells": {
      "google-t5--t5-small": {
        "ratios": [
          1.053102890032955,
          1.0289236961059633,
          1.02585520368657,
          1.0218223040654604,
          1.0362629767381561,
          1.0319434264705551,
          1.0218082171256915,
          1.0278328334083424,
          1.0112375494818366,
          1.0165202924048695,
          1.036834137712135,
          1.0366090436052704
        ],
        "median": 1.0283781201141808,
        "first_load_median": 1.0193653179220254
      },
      "google--umt5-small": {
        "ratios": [
          1.051121698788666,
          1.0214363325486244,
          0.9944078145894643,
          1.0088416970193772,
          0.9757088271445443,
          1.01582095637759,
          1.1198558121749633,
          1.026906021483586,
          1.0415323647116255,
          1.0715802635205767,
          1.0336315661315127,
          1.0518383067192907
        ],
        "median": 1.0302633057893307,
        "first_load_median": 1.0355133269216643
      }
    }
  }
}
