finished pair 1/12
finished pair 2/12
finished pair 3/12
finished pair 4/12
finished pair 5/12
finished pair 6/12
finished pair 7/12
finished pair 8/12
finished pair 9/12
finished pair 10/12
finished pair 11/12
finished pair 12/12
{
  "st": {
    "point": 1.001281222002622,
    "ci95": [
      0.9918087132066418,
      1.0122245962074823
    ],
    "cells": {
      "google-t5--t5-small": {
        "ratios": [
          1.0360445745521665,
          1.0118766391734277,
          1.0098775726783116,
          1.0632145299088562,
          0.9794778294545717,
          0.9825191236580428,
          0.9837825011436413,
          0.9935761493485938,
          0.9933066907201273,
          1.0486809056106983,
          0.9914478661823157,
          1.0181086712406666
        ],
        "median": 1.0016937006766198,
        "first_load_median": 1.0008010744612101
      },
      "google--umt5-small": {
        "ratios": [
          0.9856615652571258,
          0.9922539597335942,
          0.9899871083526486,
          1.011969049802249,
          0.9806237067141049,
          1.0038019112809717,
          1.0040745163388018,
          0.9979444849741151,
          1.017193449221113,
          0.9765846548932339,
          1.0043898059559262,
          1.0044668631067435
        ],
        "median": 1.000868913179604,
        "first_load_median": 0.9950804561072328
      }
    }
  },
  "cached": {
    "point": 0.9905699581301772,
    "ci95": [
      0.9835984961515386,
      1.0128179138559579
    ],
    "cells": {
      "google-t5--t5-small": {
        "ratios": [
          1.0359888632225787,
          0.9695616005019232,
          0.9749065958198964,
          0.9858431021262878,
          0.992437298473628,
          1.0208746677531888,
          1.0408300988946415,
          1.0071658034482849,
          1.0352905367520637,
          0.9764211469919784,
          0.9640552001546111,
          0.9852797972531526
        ],
        "median": 0.9891347051807827,
        "first_load_median": 0.9997081302877505
      },
      "google--umt5-small": {
        "ratios": [
          1.0085991081916887,
          1.0104916755610052,
          0.9912163947298782,
          0.9888712582215032,
          1.0195186294637297,
          0.9948112638379855,
          1.0067314407573633,
          0.9927988236511229,
          0.9762945655117385,
          0.9908286036327688,
          0.9863225887212501,
          0.9840239005357749
        ],
        "median": 0.9920072936584339,
        "first_load_median": 0.9912630512230509
      }
    }
  },
  "json": {
    "point": 0.9994194969706605,
    "ci95": [
      0.9930138646689255,
      1.0087821738330642
    ],
    "cells": {
      "google-t5--t5-small": {
        "ratios": [
          0.9656930734541539,
          1.0005102301554398,
          1.0111617112825222,
          0.9955346666579094,
          1.010223909722117,
          1.0458803034871846,
          1.0067069764221042,
          0.998078251726932,
          1.0004499938013645,
          1.0104958202975516,
          0.9805928284458898,
          1.0260039851293477
        ],
        "median": 1.0036038205782032,
        "first_load_median": 1.0175296989641014
      },
      "google--umt5-small": {
        "ratios": [
          0.9940325699901805,
          1.0120510235907747,
          1.017525949341588,
          0.9964741655775512,
          1.0038780738078206,
          0.979242689136591,
          0.9858396907689242,
          1.0200908447870392,
          1.0167804418689714,
          0.9672232501885205,
          0.9611081567717148,
          0.992047024368881
        ],
        "median": 0.9952526190560234,
        "first_load_median": 1.009518455708466
      }
    }
  }
}
