79326053
70387562
62886860
41889066
41387236
41344387
41299439
41958140
41313929
41730435
41487304
40737820
41395646
42164079
41641743
41315551
41597971
42029899
42189669
41966969
41906903
42897139
41367878
41200127
42092400
42256809
42840181
42767516
42116326
41936220
41924743
42157457
41789149
41338482
41239610
42359147
44766540
43572842
42669212
44742691
42030709
42554304
43569436
45001896
44600312
42046452
42171559
42403985
42553787
43762857
43608432
43305575
42641581
44244392
42595260
42287981
42109209
41988390
41454957
41361382
41412918
42279642
43553647
43091977
42826392
42664816
42742271
42580780
42431420
42769379
43040720
42032406
42566442
41366369
41449335
41293996
41093689
41490903
41502240
41488444
41130951
41371271
41286227
41217550
41617321
41885211
41427411
41321087
42149762
42462795
42631173
42355997
41990936
41223433
41222855
40644443
41233586
40814855
40784430
40919877
[ perf record: Woken up 138 times to write data ]
[ perf record: Captured and wrote 34.555 MB /home/namanchetwani/st-campaign-20260917/evidence/combined-profile/unsloth--gemma-3-1b-it.data (4295 samples) ]
