    Checking cfg-if v1.0.4
    Checking stable_deref_trait v1.2.1
    Checking libc v0.2.182
    Checking memchr v2.8.0
    Checking writeable v0.6.2
    Checking serde_core v1.0.228
    Checking zerofrom v0.1.6
    Checking litemap v0.8.1
    Checking once_cell v1.21.3
    Checking smallvec v1.15.1
    Checking yoke v0.8.1
    Checking icu_normalizer_data v2.1.1
    Checking crossbeam-utils v0.8.21
    Checking icu_properties_data v2.1.2
    Checking itoa v1.0.17
    Checking zmij v1.0.21
    Checking zerovec v0.11.5
    Checking zerotrie v0.2.3
    Checking aho-corasick v1.1.4
   Compiling pyo3-build-config v0.25.1
    Checking regex-syntax v0.8.9
    Checking either v1.15.0
    Checking crossbeam-epoch v0.9.18
    Checking zeroize v1.8.2
    Checking getrandom v0.3.4
    Checking crossbeam-deque v0.8.6
    Checking rustls-pki-types v1.14.0
    Checking zerocopy v0.8.39
    Checking tinystr v0.8.2
    Checking potential_utf v0.1.4
    Checking icu_collections v2.1.1
    Checking icu_locale_core v2.1.1
    Checking rayon-core v1.13.0
    Checking minimal-lexical v0.2.1
    Checking thiserror v2.0.18
    Checking getrandom v0.2.17
    Checking rayon v1.11.0
    Checking base64 v0.22.1
    Checking bit-vec v0.8.0
    Checking nom v7.1.3
    Checking unicode-segmentation v1.12.0
    Checking untrusted v0.9.0
    Checking icu_provider v2.1.1
    Checking base64 v0.13.1
    Checking ring v0.17.14
    Checking icu_properties v2.1.2
    Checking serde v1.0.228
    Checking icu_normalizer v2.1.1
    Checking regex-automata v0.4.14
    Checking serde_json v1.0.149
    Checking dary_heap v0.3.8
    Checking bit-set v0.8.0
   Compiling pyo3-macros-backend v0.25.1
    Checking spm_precompiled v0.1.4
   Compiling pyo3-ffi v0.25.1
    Checking rand_core v0.9.5
    Checking idna_adapter v1.2.1
    Checking arrayvec v0.7.8
    Checking utf8_iter v1.0.4
    Checking constant_time_eq v0.4.2
    Checking log v0.4.29
    Checking unty v0.0.4
    Checking simd-adler32 v0.3.8
    Checking adler2 v2.0.1
    Checking arrayref v0.3.9
    Checking percent-encoding v2.3.2
    Checking blake3 v1.8.5
    Checking bincode v2.0.1
    Checking miniz_oxide v0.8.9
    Checking form_urlencoded v1.2.2
    Checking idna v1.1.0
    Checking rustls-webpki v0.103.9
    Checking crc32fast v1.5.0
    Checking webpki-roots v1.0.6
    Checking unicode-width v0.2.2
    Checking byteorder v1.5.0
    Checking daachorse v1.0.0
    Checking subtle v2.6.1
    Checking option-ext v0.2.0
    Checking socks v0.3.4
    Checking console v0.15.11
    Checking dirs-sys v0.5.0
    Checking rustls v0.23.36
    Checking webpki-roots v0.26.11
    Checking flate2 v1.1.9
    Checking castaway v0.2.4
    Checking onig_sys v69.9.1
    Checking url v2.5.8
    Checking portable-atomic v1.13.1
    Checking fancy-regex v0.17.0
   Compiling pyo3 v0.25.1
    Checking ppv-lite86 v0.2.21
    Checking itertools v0.14.0
    Checking rand_chacha v0.9.0
    Checking number_prefix v0.4.0
    Checking bytes v1.11.1
    Checking ryu v1.0.23
    Checking static_assertions v1.1.0
    Checking bitflags v2.11.0
    Checking rand v0.9.2
    Checking macro_rules_attribute v0.2.2
    Checking compact_str v0.9.0
    Checking onig v6.5.1
    Checking indicatif v0.17.11
    Checking http v1.4.0
    Checking snaptokens v0.2.7 (/Users/namanchetwani/Projects/snaptokens-st-format)
    Checking monostate v0.1.18
    Checking ahash v0.8.12
    Checking memoffset v0.9.1
    Checking regex v1.12.3
    Checking derive_builder v0.20.2
    Checking esaxx-rs v0.1.10
    Checking rayon-cond v0.4.0
    Checking dirs v6.0.0
    Checking unicode-normalization-alignments v0.1.12
    Checking unicode_categories v0.1.1
    Checking unindent v0.2.4
    Checking anyhow v1.0.101
    Checking tokenizers v0.22.2
    Checking ureq v2.12.1
   Compiling pyo3-macros v0.25.1
    Checking hf-hub v0.4.3
    Checking snaptokens-python v0.2.7 (/Users/namanchetwani/Projects/snaptokens-st-format/python)
    Finished `dev` profile [unoptimized + debuginfo] target(s) in 12.71s
