Using Python 3.10.21 environment at: /home/namanchetwani/st-campaign-20260917/python-check-3.10
Resolved 25 packages in 418ms
Downloading pygments (1.2MiB)
Downloading hf-xet (4.3MiB)
Downloading tokenizers (3.1MiB)
Downloading transformers (11.4MiB)
Downloading numpy (16.0MiB)
 Downloaded tokenizers
 Downloaded hf-xet
 Downloaded pygments
 Downloaded transformers
 Downloaded numpy
Prepared 25 packages in 433ms
Installed 25 packages in 23ms
 + certifi==2026.7.22
 + charset-normalizer==3.5.1
 + exceptiongroup==1.3.1
 + filelock==4.0.0
 + fsspec==2026.7.0
 + hf-xet==1.6.0
 + huggingface-hub==0.36.2
 + idna==3.20
 + iniconfig==2.3.0
 + numpy==2.2.6
 + packaging==26.3
 + pluggy==1.6.0
 + pygments==2.21.0
 + pytest==8.4.2
 + pyyaml==6.0.3
 + regex==2026.9.10
 + requests==2.34.2
 + safetensors==0.8.0
 + snaptokens==0.2.7 (from file:///home/namanchetwani/st-campaign-20260917/evidence/e1-package-checks/wheels/snaptokens-0.2.7-cp39-abi3-manylinux_2_34_x86_64.whl)
 + tokenizers==0.22.2
 + tomli==2.4.1
 + tqdm==4.70.1
 + transformers==4.57.6
 + typing-extensions==4.16.0
 + urllib3==2.8.0
