   Compiling proc-macro2 v1.0.106
   Compiling quote v1.0.46
   Compiling unicode-ident v1.0.24
   Compiling libc v0.2.186
   Compiling serde_core v1.0.228
   Compiling serde v1.0.228
   Compiling stable_deref_trait v1.2.1
   Compiling shlex v2.0.1
   Compiling find-msvc-tools v0.1.9
   Compiling either v1.16.0
   Compiling thiserror v2.0.18
   Compiling cfg-if v1.0.4
   Compiling memchr v2.8.3
   Compiling typeid v1.0.3
   Compiling erased-serde v0.4.10
   Compiling utf8_iter v1.0.4
   Compiling regex-syntax v0.8.11
   Compiling pkg-config v0.3.33
   Compiling fnv v1.0.7
   Compiling anyhow v1.0.103
   Compiling once_cell v1.21.4
   Compiling heck v0.5.0
   Compiling bitflags v2.13.1
   Compiling icu_properties_data v2.2.0
   Compiling zmij v1.0.23
   Compiling itoa v1.0.18
   Compiling lazy_static v1.5.0
   Compiling icu_normalizer_data v2.2.0
   Compiling icu_locale_data v2.2.0
   Compiling crossbeam-utils v0.8.22
   Compiling write16 v1.0.0
   Compiling utf16_iter v1.0.5
   Compiling target-lexicon v0.13.5
   Compiling prettyplease v0.2.37
   Compiling crossbeam-epoch v0.9.20
   Compiling autocfg v1.5.1
   Compiling serde_json v1.0.150
   Compiling getrandom v0.3.4
   Compiling zerocopy v0.8.54
   Compiling writeable v0.6.3
   Compiling itertools v0.14.0
   Compiling libm v0.2.16
   Compiling bytes v1.12.1
   Compiling beef v0.5.2
   Compiling crossbeam-deque v0.8.7
   Compiling rayon-core v1.13.0
   Compiling log v0.4.33
   Compiling glob v0.3.3
   Compiling zeroize v1.9.0
   Compiling crc32fast v1.5.0
   Compiling portable-atomic v1.13.1
   Compiling rustix v1.1.4
   Compiling unicode-width v0.2.2
   Compiling getrandom v0.4.3
   Compiling aho-corasick v1.1.4
   Compiling unicode-width v0.1.14
   Compiling thiserror v1.0.69
   Compiling foldhash v0.2.0
   Compiling num-traits v0.2.19
   Compiling rustls-pki-types v1.15.0
   Compiling icu_calendar_data v2.2.0
   Compiling equivalent v1.0.2
   Compiling allocator-api2 v0.2.21
   Compiling strsim v0.11.1
   Compiling byteorder v1.5.0
   Compiling hashbrown v0.17.1
   Compiling ident_case v1.0.1
   Compiling target-features v0.1.6
   Compiling linux-raw-sys v0.12.1
   Compiling pyo3-build-config v0.29.0
   Compiling clang-sys v1.8.1
   Compiling fixedbitset v0.5.7
   Compiling bit-vec v0.8.0
   Compiling adler2 v2.0.1
   Compiling fastrand v2.4.1
   Compiling version_check v0.9.5
   Compiling icu_locid_transform_data v1.5.1
   Compiling syn v2.0.119
   Compiling base64 v0.22.1
   Compiling litemap v0.7.5
   Compiling icu_decimal_data v2.2.0
   Compiling writeable v0.5.5
   Compiling untrusted v0.9.0
   Compiling icu_time_data v2.2.1
   Compiling minimal-lexical v0.2.1
   Compiling icu_plurals_data v2.2.0
   Compiling simd-adler32 v0.3.10
   Compiling ahash v0.8.12
   Compiling bit-set v0.8.0
   Compiling proc-macro-error-attr2 v2.0.0
   Compiling matrixmultiply v0.3.11
   Compiling libloading v0.8.9
   Compiling icu_collator_data v2.2.0
   Compiling icu_list_data v2.2.0
   Compiling eyre v0.6.12
   Compiling miniz_oxide v0.8.9
   Compiling indexmap v2.14.0
   Compiling jobserver v0.1.35
   Compiling percent-encoding v2.3.2
   Compiling utf8parse v0.2.2
   Compiling unicode-general-category v1.1.0
   Compiling rustversion v1.0.23
   Compiling icu_casemap_data v2.2.0
   Compiling ixdtf v0.6.5
   Compiling bindgen v0.71.1
   Compiling getrandom v0.2.17
   Compiling icu_properties_data v1.5.1
   Compiling multimap v0.10.1
   Compiling icu_datetime_data v2.2.0
   Compiling rustls v0.23.42
   Compiling icu_segmenter_data v2.2.0
   Compiling cc v1.2.67
   Compiling rand_core v0.9.5
   Compiling nom v7.1.3
   Compiling form_urlencoded v1.2.2
   Compiling memmap2 v0.9.11
   Compiling anstyle-parse v1.0.0
   Compiling core_maths v0.1.1
   Compiling webpki-roots v1.0.8
   Compiling itertools v0.13.0
   Compiling colorchoice v1.0.5
   Compiling rawpointer v0.2.1
   Compiling flate2 v1.1.9
   Compiling subtle v2.6.1
   Compiling anstyle v1.0.14
   Compiling rustc-hash v2.1.3
   Compiling indenter v0.3.4
   Compiling regex-automata v0.4.16
   Compiling zstd-safe v7.2.4
   Compiling anstyle-query v1.1.5
   Compiling pyo3-ffi v0.29.0
   Compiling pyo3 v0.29.0
   Compiling paste v1.0.15
   Compiling ref-cast v1.0.25
   Compiling shlex v1.3.0
   Compiling icu_normalizer_data v1.5.1
   Compiling petgraph v0.7.1
   Compiling is_terminal_polyfill v1.70.2
   Compiling option-ext v0.2.0
   Compiling tinyvec_macros v0.1.1
   Compiling parking_lot_core v0.9.12
   Compiling dirs-sys v0.5.0
   Compiling anstream v1.0.0
   Compiling num-integer v0.1.46
   Compiling tinyvec v1.12.0
   Compiling num-complex v0.4.6
   Compiling rayon v1.12.0
   Compiling numpy v0.29.0
   Compiling webpki-roots v0.26.11
   Compiling console v0.16.4
   Compiling console v0.15.11
   Compiling socks v0.3.4
   Compiling base64 v0.13.1
   Compiling number_prefix v0.4.0
   Compiling clap_lex v1.1.0
   Compiling unicode-segmentation v1.13.3
   Compiling virtue v0.0.18
   Compiling scopeguard v1.2.0
   Compiling unit-prefix v0.5.2
   Compiling simdutf8 v0.1.5
   Compiling lock_api v0.4.14
   Compiling unicode-normalization v0.1.25
   Compiling dirs v6.0.0
   Compiling litemap v0.8.2
   Compiling tempfile v3.27.0
   Compiling indicatif v0.18.6
   Compiling clap_builder v4.6.2
   Compiling indicatif v0.17.11
   Compiling castaway v0.2.4
   Compiling http v1.4.2
   Compiling sonic-simd v0.1.4
   Compiling sonic-number v0.1.2
   Compiling cexpr v0.6.0
   Compiling cpufeatures v0.3.0
   Compiling icu_provider_registry v2.2.0
   Compiling unty v0.0.4
   Compiling macro_rules_attribute-proc_macro v0.2.2
   Compiling daggrs v0.1.1
   Compiling arrayref v0.3.9
   Compiling daachorse v1.0.1
   Compiling hashbrown v0.14.5
   Compiling ndarray v0.17.2
   Compiling bincode_derive v2.0.1
   Compiling constant_time_eq v0.4.2
   Compiling ryu v1.0.23
   Compiling static_assertions v1.1.0
   Compiling arrayvec v0.7.8
   Compiling bumpalo v3.20.3
   Compiling ring v0.17.14
   Compiling zstd-sys v2.0.16+zstd.1.5.7
   Compiling onig_sys v69.9.3
   Compiling pcre2-sys v0.2.10
   Compiling regex v1.13.1
   Compiling blake3 v1.8.5
   Compiling esaxx-rs v0.1.10
   Compiling simdutf v0.7.0
   Compiling pcre2 v0.2.11
   Compiling lru v0.18.1
   Compiling macro_rules_attribute v0.2.2
   Compiling bincode v2.0.1
   Compiling chunk v0.9.2
   Compiling winnow v1.0.4
   Compiling itertools v0.15.0
   Compiling orx-priority-queue v1.8.0
   Compiling daachorse v3.0.3
   Compiling foldhash v0.1.5
   Compiling unicode_categories v0.1.1
   Compiling ppv-lite86 v0.2.21
   Compiling synstructure v0.13.2
   Compiling logos-codegen v0.14.4
   Compiling darling_core v0.20.11
   Compiling proc-macro-error2 v2.0.1
   Compiling rand_chacha v0.9.0
   Compiling pyo3-macros-backend v0.29.0
   Compiling priority-queue v2.7.0
   Compiling rayon-cond v0.4.0
   Compiling rand v0.9.5
   Compiling serde_derive v1.0.228
   Compiling zerofrom-derive v0.1.7
   Compiling displaydoc v0.2.6
   Compiling yoke-derive v0.8.2
   Compiling databake-derive v0.2.1
   Compiling thiserror-impl v2.0.18
   Compiling zerovec-derive v0.11.3
   Compiling prost-derive v0.13.5
   Compiling yoke-derive v0.7.5
   Compiling zerovec-derive v0.10.3
   Compiling miette-derive v7.6.0
   Compiling thiserror-impl v1.0.69
   Compiling logos-derive v0.14.4
   Compiling icu_provider_macros v1.5.0
   Compiling databake v0.2.1
   Compiling dynasm v5.0.0
   Compiling logos v0.14.4
   Compiling ref-cast-impl v1.0.25
   Compiling calendrical_calculations v0.2.4
   Compiling fancy-regex v0.17.0
   Compiling strum_macros v0.27.2
   Compiling multiversion-macros v0.8.0
   Compiling monostate-impl v0.1.18
   Compiling clap_derive v4.6.1
   Compiling derive_more-impl v2.1.1
   Compiling bstr v1.13.0
   Compiling fancy-regex v0.18.0
   Compiling zerofrom v0.1.8
   Compiling monostate v0.1.18
   Compiling yoke v0.8.3
   Compiling yoke v0.7.5
   Compiling miette v7.6.0
   Compiling cobs v0.3.0
   Compiling prost v0.13.5
   Compiling zerotrie v0.2.4
   Compiling zerovec v0.10.4
   Compiling pretokie v0.0.4
   Compiling prost-types v0.13.5
   Compiling darling_macro v0.20.11
   Compiling multiversion v0.8.0
   Compiling darling v0.20.11
   Compiling derive_builder_core v0.20.2
   Compiling derive_more v2.1.1
   Compiling strum v0.27.2
   Compiling clap v4.6.2
   Compiling tinystr v0.7.6
   Compiling icu_collections v1.5.0
   Compiling icu_locid v1.5.0
   Compiling prost-reflect v0.14.7
   Compiling protox-parse v0.7.0
   Compiling prost-build v0.13.5
   Compiling derive_builder_macro v0.20.2
   Compiling pyo3-macros v0.29.0
   Compiling zerovec v0.11.6
   Compiling postcard v1.1.3
   Compiling smallvec v1.15.2
   Compiling faststr v0.2.34
   Compiling spm_precompiled v0.1.4
   Compiling dary_heap v0.3.9
   Compiling fixed_decimal v0.7.2
   Compiling sonic-rs v0.5.8
   Compiling unicode-normalization-alignments v0.1.12
   Compiling derive_builder v0.20.2
   Compiling compact_str v0.9.1
   Compiling icu_provider v1.5.0
   Compiling dashmap v6.2.1
   Compiling icu_locid_transform v1.5.0
   Compiling tinystr v0.8.3
   Compiling potential_utf v0.1.5
   Compiling icu_pattern v0.4.2
   Compiling icu_collections v2.2.0
   Compiling iree-tokenizer v0.1.0 (https://github.com/iree-org/iree-tokenizer-rust?rev=c1537a9612e73a40626d1f58062090d71849fe35#c1537a96)
   Compiling icu_properties v1.5.1
   Compiling rustls-webpki v0.103.13
   Compiling icu_locale_core v2.2.0
   Compiling onig v6.5.3
   Compiling protox v0.7.2
   Compiling sentencepiece-model v0.1.4
   Compiling tokenizers v0.23.2-dev.0 (https://github.com/huggingface/tokenizers?rev=b62132e4e0ec7518caba201408a680819dfdcd22#b62132e4)
   Compiling icu_provider v2.2.0
   Compiling icu_normalizer v1.5.0
   Compiling kitoken v0.11.0 (https://github.com/Systemcluster/kitoken?rev=5e9ed29631502471355db8b30e7fe9ac05ea64e1#5e9ed296)
   Compiling icu_properties v2.2.0
   Compiling icu_locale v2.2.0
   Compiling tokie v0.0.10 (https://github.com/chonkie-inc/tokie?rev=9b78cc552df73c0fa41451c51e08fe94638fa48c#9b78cc55)
   Compiling icu_calendar v2.2.1
   Compiling icu_decimal v2.2.0
   Compiling icu_plurals v2.2.0
   Compiling icu_segmenter v2.2.0
   Compiling icu_list v2.2.0
   Compiling icu_normalizer v2.2.0
   Compiling icu_casemap v2.2.0
   Compiling dynasmrt v5.0.0
   Compiling idna_adapter v1.2.2
   Compiling icu_collator v2.2.1
   Compiling fastokens v0.2.1 (/tmp/snaptokens-load-18f7e66)
   Compiling regexr v0.1.4
   Compiling idna v1.1.0
   Compiling icu_time v2.2.0
   Compiling url v2.5.8
   Compiling icu_datetime v2.2.0
   Compiling ureq v2.12.1
   Compiling hf-hub v0.4.3
   Compiling fastokens v0.2.1 (https://github.com/crusoecloud/fastokens?rev=326cb5afc5a033d2f7885832d12fd43b9ea50cdd#326cb5af)
   Compiling zstd v0.13.3
   Compiling icu v2.2.0
   Compiling gigatoken v0.5.0 (https://github.com/marcelroed/gigatoken?rev=e6564f3ad3364e58ff02b2b251a96b518b6eaaa2#e6564f3a)
   Compiling splintr v0.10.0 (https://github.com/ml-rust/splintr?rev=67d71b70eaca839cb1b1e6f43132252d27b74f96#67d71b70)
   Compiling snaptokens-benchmark v0.1.0 (/tmp/snaptokens-load-18f7e66/benchmarks/harness)
    Finished `release` profile [optimized] target(s) in 46.85s
warning: the following packages contain code that will be rejected by a future version of Rust: proc-macro-error2 v2.0.1
note: to see what the problems were, use the option `--future-incompat-report`, or run `cargo report future-incompatibilities --id 1`
